version control
collabration
branching and merge

Microsoft Windows [Version 10.0.22621.1848]
(c) Microsoft Corporation. All rights reserved.

C:\Users\patru>cd Music

C:\Users\patru\Music>cd git

C:\Users\patru\Music\git>got init myfolder
'got' is not recognized as an internal or external command,
operable program or batch file.

C:\Users\patru\Music\git>git init myfolder
Initialized empty Git repository in C:/Users/patru/Music/git/myfolder/.git/

C:\Users\patru\Music\git>cd myfolder

C:\Users\patru\Music\git\myfolder>git status
On branch master

No commits yet

nothing to commit (create/copy files and use "git add" to track)

C:\Users\patru\Music\git\myfolder>git add <nested.css>
The syntax of the command is incorrect.

C:\Users\patru\Music\git\myfolder>git add nested.css

C:\Users\patru\Music\git\myfolder>git add .

C:\Users\patru\Music\git\myfolder>git config --global.user.email"pd9505424580@gmail.com"
error: unknown option `global.user.emailpd9505424580@gmail.com'
usage: git config [<options>]

Config file location
    --global              use global config file
    --system              use system config file
    --local               use repository config file
    --worktree            use per-worktree config file
    -f, --file <file>     use given config file
    --blob <blob-id>      read config from given blob object

Action
    --get                 get value: name [value-pattern]
    --get-all             get all values: key [value-pattern]
    --get-regexp          get values for regexp: name-regex [value-pattern]
    --get-urlmatch        get value specific for the URL: section[.var] URL
    --replace-all         replace all matching variables: name value [value-pattern]
    --add                 add a new variable: name value
    --unset               remove a variable: name [value-pattern]
    --unset-all           remove all matches: name [value-pattern]
    --rename-section      rename section: old-name new-name
    --remove-section      remove a section: name
    -l, --list            list all
    --fixed-value         use string equality when comparing values to 'value-pattern'
    -e, --edit            open an editor
    --get-color           find the color configured: slot [default]
    --get-colorbool       find the color setting: slot [stdout-is-tty]

Type
    -t, --type <type>     value is given this type
    --bool                value is "true" or "false"
    --int                 value is decimal number
    --bool-or-int         value is --bool or --int
    --bool-or-str         value is --bool or string
    --path                value is a path (file or directory name)
    --expiry-date         value is an expiry date

Other
    -z, --null            terminate values with NUL byte
    --name-only           show variable names only
    --includes            respect include directives on lookup
    --show-origin         show origin of config (file, standard input, blob, command line)
    --show-scope          show scope of config (worktree, local, global, system, command)
    --default <value>     with --get, use default value when missing entry


C:\Users\patru\Music\git\myfolder>git config --global user.email "pd9505424580@gmail.com"

C:\Users\patru\Music\git\myfolder>git commit -m "This is my first commit"
[master (root-commit) ab9b4e7] This is my first commit
 2 files changed, 118 insertions(+)
 create mode 100644 nested.css
 create mode 100644 nested.html

C:\Users\patru\Music\git\myfolder>git push origin master
fatal: 'origin' does not appear to be a git repository
fatal: Could not read from remote repository.

Please make sure you have the correct access rights
and the repository exists.

C:\Users\patru\Music\git\myfolder>git remote add origin https://github.com/di1eep/git-learning.git

C:\Users\patru\Music\git\myfolder>git push origin master
info: please complete authentication in your browser...
Enumerating objects: 4, done.
Counting objects: 100% (4/4), done.
Delta compression using up to 8 threads
Compressing objects: 100% (4/4), done.
Writing objects: 100% (4/4), 1.05 KiB | 1.05 MiB/s, done.
Total 4 (delta 0), reused 0 (delta 0), pack-reused 0
To https://github.com/di1eep/git-learning.git
 * [new branch]      master -> master

C:\Users\patru\Music\git\myfolder>



git init gittest(create a folder with dittest named folder)

change directory  -- cd

git status

git add.(added files and folders)

git commit -m "Adding test file"     added a message through git hub


git config --global user.email "pd9505424580@gmail.com"    adding account and configuration


git remote add origon  https://github.com/di1eep/repository_1.git (copy link from repository)

git clone


cd .. go back to the directoory


git log 

git status 



Microsoft Windows [Version 10.0.22621.1848]
(c) Microsoft Corporation. All rights reserved.

C:\Users\patru\Videos\Hero-vired\june\4th week>git clone https://github.com/Sohailongithub/Git-Testing.git
Cloning into 'Git-Testing'...
remote: Enumerating objects: 6, done.
remote: Counting objects: 100% (6/6), done.
remote: Compressing objects: 100% (5/5), done.
remote: Total 6 (delta 0), reused 6 (delta 0), pack-reused 0
Receiving objects: 100% (6/6), done.

C:\Users\patru\Videos\Hero-vired\june\4th week>git log
fatal: not a git repository (or any of the parent directories): .git

C:\Users\patru\Videos\Hero-vired\june\4th week>


git branch 


git branch 